{
  "input": "/home/hwxi/Teaching/CS413-2026-Fall/assigns/02/output/slides/lambda0_recursion_tuples_v2.pptx",
  "outputDir": "/home/hwxi/Teaching/CS413-2026-Fall/assigns/02/.slides-recursion-build/final-render",
  "slideCount": 13,
  "paths": [
    "/home/hwxi/Teaching/CS413-2026-Fall/assigns/02/.slides-recursion-build/final-render/slide-1.png",
    "/home/hwxi/Teaching/CS413-2026-Fall/assigns/02/.slides-recursion-build/final-render/slide-2.png",
    "/home/hwxi/Teaching/CS413-2026-Fall/assigns/02/.slides-recursion-build/final-render/slide-3.png",
    "/home/hwxi/Teaching/CS413-2026-Fall/assigns/02/.slides-recursion-build/final-render/slide-4.png",
    "/home/hwxi/Teaching/CS413-2026-Fall/assigns/02/.slides-recursion-build/final-render/slide-5.png",
    "/home/hwxi/Teaching/CS413-2026-Fall/assigns/02/.slides-recursion-build/final-render/slide-6.png",
    "/home/hwxi/Teaching/CS413-2026-Fall/assigns/02/.slides-recursion-build/final-render/slide-7.png",
    "/home/hwxi/Teaching/CS413-2026-Fall/assigns/02/.slides-recursion-build/final-render/slide-8.png",
    "/home/hwxi/Teaching/CS413-2026-Fall/assigns/02/.slides-recursion-build/final-render/slide-9.png",
    "/home/hwxi/Teaching/CS413-2026-Fall/assigns/02/.slides-recursion-build/final-render/slide-10.png",
    "/home/hwxi/Teaching/CS413-2026-Fall/assigns/02/.slides-recursion-build/final-render/slide-11.png",
    "/home/hwxi/Teaching/CS413-2026-Fall/assigns/02/.slides-recursion-build/final-render/slide-12.png",
    "/home/hwxi/Teaching/CS413-2026-Fall/assigns/02/.slides-recursion-build/final-render/slide-13.png"
  ]
}
